// Jest Snapshot v1, https://goo.gl/fbAQLP

exports[`SeigManagerV2 # initialize initialize can be executed by only owner 1`] = `236294`;

exports[`SeigManagerV2 # setAddress setAddress can be executed by only owner  1`] = `78478`;

exports[`SeigManagerV2 # setDividendRates setDividendRates can be executed by only owner  1`] = `39846`;

exports[`SeigManagerV2 # setMinimumBlocksForUpdateSeig setMinimumBlocksForUpdateSeig can be executed by only owner  1`] = `38533`;

exports[`SeigManagerV2 # setSeigPerBlock setSeigPerBlock can be executed by only owner  1`] = `38422`;
