// Jest Snapshot v1, https://goo.gl/fbAQLP

exports[`Layer2Manager # initialize initialize can be executed by only owner 1`] = `203524`;

exports[`Layer2Manager # setDelayBlocksForWithdraw setDelayBlocksForWithdraw can be executed by only owner  1`] = `38354`;

exports[`Layer2Manager # setMaxLayer2Count setMaxLayer2Count can be executed by only owner  1`] = `38335`;

exports[`Layer2Manager # setMinimumDepositForSequencer setMinimumDepositForSequencer can be executed by only owner  1`] = `38402`;
