// Jest Snapshot v1, https://goo.gl/fbAQLP

exports[`StakingLayer2 # initialize initialize can be executed by only owner 1`] = `136299`;
