// Jest Snapshot v1, https://goo.gl/fbAQLP

exports[`SeigManagerV2 #setLastSeigBlock gas 1`] = `77518`;
